// Jest Snapshot v1, https://goo.gl/fbAQLP

exports[`ShortUrl Component renders component correctly 1`] = `ReactWrapper {}`;
