// Jest Snapshot v1, https://goo.gl/fbAQLP

exports[`app app component app renders correctly 1`] = `ReactWrapper {}`;
